Running with configuration:
mode: test
seed: 42
--- Starting Inference ---
Traceback (most recent call last):
  File "/lab/shiyh_lab/12432730/code/weld_seg_project/weld_seg_project/main.py", line 64, in <module>
    main()
  File "/lab/shiyh_lab/12432730/code/weld_seg_project/weld_seg_project/main.py", line 60, in main
    test_model(config)
  File "/lab/shiyh_lab/12432730/code/weld_seg_project/weld_seg_project/test/test.py", line 61, in test_model
    logits = model(f, pd, curv, den, nor, lin, task='class').squeeze(0).squeeze(-1)
  File "/lab/shiyh_lab/12432730/.conda/envs/weld_seg/lib/python3.10/site-packages/torch/nn/modules/module.py", line 1773, in _wrapped_call_impl
    return self._call_impl(*args, **kwargs)
  File "/lab/shiyh_lab/12432730/.conda/envs/weld_seg/lib/python3.10/site-packages/torch/nn/modules/module.py", line 1784, in _call_impl
    return forward_call(*args, **kwargs)
TypeError: GeometryAwareTransformer.forward() missing 1 required positional argument: 'linearity'
